Archive member included to satisfy reference by file (symbol)

c:/st/stm32cubeide_1.12.0/stm32cubeide/plugins/com.st.stm32cube.ide.mcu.externaltools.gnu-tools-for-stm32.10.3-2021.10.win32_1.0.200.202301161003/tools/bin/../lib/gcc/arm-none-eabi/10.3.1/../../../../arm-none-eabi/lib/thumb/v7e-m+fp/hard\libc_nano.a(lib_a-errno.o)
                              ./Core/Src/syscalls.o (__errno)
c:/st/stm32cubeide_1.12.0/stm32cubeide/plugins/com.st.stm32cube.ide.mcu.externaltools.gnu-tools-for-stm32.10.3-2021.10.win32_1.0.200.202301161003/tools/bin/../lib/gcc/arm-none-eabi/10.3.1/../../../../arm-none-eabi/lib/thumb/v7e-m+fp/hard\libc_nano.a(lib_a-exit.o)
                              c:/st/stm32cubeide_1.12.0/stm32cubeide/plugins/com.st.stm32cube.ide.mcu.externaltools.gnu-tools-for-stm32.10.3-2021.10.win32_1.0.200.202301161003/tools/bin/../lib/gcc/arm-none-eabi/10.3.1/../../../../arm-none-eabi/lib/thumb/v7e-m+fp/hard/crt0.o (exit)
c:/st/stm32cubeide_1.12.0/stm32cubeide/plugins/com.st.stm32cube.ide.mcu.externaltools.gnu-tools-for-stm32.10.3-2021.10.win32_1.0.200.202301161003/tools/bin/../lib/gcc/arm-none-eabi/10.3.1/../../../../arm-none-eabi/lib/thumb/v7e-m+fp/hard\libc_nano.a(lib_a-impure.o)
                              c:/st/stm32cubeide_1.12.0/stm32cubeide/plugins/com.st.stm32cube.ide.mcu.externaltools.gnu-tools-for-stm32.10.3-2021.10.win32_1.0.200.202301161003/tools/bin/../lib/gcc/arm-none-eabi/10.3.1/../../../../arm-none-eabi/lib/thumb/v7e-m+fp/hard\libc_nano.a(lib_a-exit.o) (_global_impure_ptr)
c:/st/stm32cubeide_1.12.0/stm32cubeide/plugins/com.st.stm32cube.ide.mcu.externaltools.gnu-tools-for-stm32.10.3-2021.10.win32_1.0.200.202301161003/tools/bin/../lib/gcc/arm-none-eabi/10.3.1/../../../../arm-none-eabi/lib/thumb/v7e-m+fp/hard\libc_nano.a(lib_a-init.o)
                              c:/st/stm32cubeide_1.12.0/stm32cubeide/plugins/com.st.stm32cube.ide.mcu.externaltools.gnu-tools-for-stm32.10.3-2021.10.win32_1.0.200.202301161003/tools/bin/../lib/gcc/arm-none-eabi/10.3.1/../../../../arm-none-eabi/lib/thumb/v7e-m+fp/hard/crt0.o (__libc_init_array)
c:/st/stm32cubeide_1.12.0/stm32cubeide/plugins/com.st.stm32cube.ide.mcu.externaltools.gnu-tools-for-stm32.10.3-2021.10.win32_1.0.200.202301161003/tools/bin/../lib/gcc/arm-none-eabi/10.3.1/../../../../arm-none-eabi/lib/thumb/v7e-m+fp/hard\libc_nano.a(lib_a-memset.o)
                              c:/st/stm32cubeide_1.12.0/stm32cubeide/plugins/com.st.stm32cube.ide.mcu.externaltools.gnu-tools-for-stm32.10.3-2021.10.win32_1.0.200.202301161003/tools/bin/../lib/gcc/arm-none-eabi/10.3.1/../../../../arm-none-eabi/lib/thumb/v7e-m+fp/hard/crt0.o (memset)
c:/st/stm32cubeide_1.12.0/stm32cubeide/plugins/com.st.stm32cube.ide.mcu.externaltools.gnu-tools-for-stm32.10.3-2021.10.win32_1.0.200.202301161003/tools/bin/../lib/gcc/arm-none-eabi/10.3.1/../../../../arm-none-eabi/lib/thumb/v7e-m+fp/hard\libc_nano.a(lib_a-printf.o)
                              ./Core/Src/SPI_Config.o (printf)
c:/st/stm32cubeide_1.12.0/stm32cubeide/plugins/com.st.stm32cube.ide.mcu.externaltools.gnu-tools-for-stm32.10.3-2021.10.win32_1.0.200.202301161003/tools/bin/../lib/gcc/arm-none-eabi/10.3.1/../../../../arm-none-eabi/lib/thumb/v7e-m+fp/hard\libc_nano.a(lib_a-findfp.o)
                              c:/st/stm32cubeide_1.12.0/stm32cubeide/plugins/com.st.stm32cube.ide.mcu.externaltools.gnu-tools-for-stm32.10.3-2021.10.win32_1.0.200.202301161003/tools/bin/../lib/gcc/arm-none-eabi/10.3.1/../../../../arm-none-eabi/lib/thumb/v7e-m+fp/hard\libc_nano.a(lib_a-printf.o) (__sinit)
c:/st/stm32cubeide_1.12.0/stm32cubeide/plugins/com.st.stm32cube.ide.mcu.externaltools.gnu-tools-for-stm32.10.3-2021.10.win32_1.0.200.202301161003/tools/bin/../lib/gcc/arm-none-eabi/10.3.1/../../../../arm-none-eabi/lib/thumb/v7e-m+fp/hard\libc_nano.a(lib_a-fwalk.o)
                              c:/st/stm32cubeide_1.12.0/stm32cubeide/plugins/com.st.stm32cube.ide.mcu.externaltools.gnu-tools-for-stm32.10.3-2021.10.win32_1.0.200.202301161003/tools/bin/../lib/gcc/arm-none-eabi/10.3.1/../../../../arm-none-eabi/lib/thumb/v7e-m+fp/hard\libc_nano.a(lib_a-findfp.o) (_fwalk)
c:/st/stm32cubeide_1.12.0/stm32cubeide/plugins/com.st.stm32cube.ide.mcu.externaltools.gnu-tools-for-stm32.10.3-2021.10.win32_1.0.200.202301161003/tools/bin/../lib/gcc/arm-none-eabi/10.3.1/../../../../arm-none-eabi/lib/thumb/v7e-m+fp/hard\libc_nano.a(lib_a-lock.o)
                              c:/st/stm32cubeide_1.12.0/stm32cubeide/plugins/com.st.stm32cube.ide.mcu.externaltools.gnu-tools-for-stm32.10.3-2021.10.win32_1.0.200.202301161003/tools/bin/../lib/gcc/arm-none-eabi/10.3.1/../../../../arm-none-eabi/lib/thumb/v7e-m+fp/hard\libc_nano.a(lib_a-findfp.o) (__retarget_lock_init_recursive)
c:/st/stm32cubeide_1.12.0/stm32cubeide/plugins/com.st.stm32cube.ide.mcu.externaltools.gnu-tools-for-stm32.10.3-2021.10.win32_1.0.200.202301161003/tools/bin/../lib/gcc/arm-none-eabi/10.3.1/../../../../arm-none-eabi/lib/thumb/v7e-m+fp/hard\libc_nano.a(lib_a-nano-mallocr.o)
[...]
Memory Configuration

Name             Origin             Length             Attributes
CCMRAM           0x0000000010000000 0x0000000000002000 xrw
RAM              0x0000000020000000 0x000000000000a000 xrw
FLASH            0x0000000008000000 0x0000000000040000 xr
*default*        0x0000000000000000 0xffffffffffffffff

Linker script and memory map

LOAD c:/st/stm32cubeide_1.12.0/stm32cubeide/plugins/com.st.stm32cube.ide.mcu.externaltools.gnu-tools-for-stm32.10.3-2021.10.win32_1.0.200.202301161003/tools/bin/../lib/gcc/arm-none-eabi/10.3.1/thumb/v7e-m+fp/hard/crti.o
LOAD c:/st/stm32cubeide_1.12.0/stm32cubeide/plugins/com.st.stm32cube.ide.mcu.externaltools.gnu-tools-for-stm32.10.3-2021.10.win32_1.0.200.202301161003/tools/bin/../lib/gcc/arm-none-eabi/10.3.1/thumb/v7e-m+fp/hard/crtbegin.o
LOAD c:/st/stm32cubeide_1.12.0/stm32cubeide/plugins/com.st.stm32cube.ide.mcu.externaltools.gnu-tools-for-stm32.10.3-2021.10.win32_1.0.200.202301161003/tools/bin/../lib/gcc/arm-none-eabi/10.3.1/../../../../arm-none-eabi/lib/thumb/v7e-m+fp/hard/crt0.o
LOAD ./Core/Sequenceur_Driver/SequencerWheel.o
LOAD ./Core/Src/GestionMvt.o
LOAD ./Core/Src/Low_level_functions.o
LOAD ./Core/Src/SPI_Config.o
LOAD ./Core/Src/gpio.o
LOAD ./Core/Src/main.o
LOAD ./Core/Src/spi.o
LOAD ./Core/Src/stm32f3xx_hal_msp.o
LOAD ./Core/Src/stm32f3xx_it.o
LOAD ./Core/Src/syscalls.o
LOAD ./Core/Src/sysmem.o
LOAD ./Core/Src/system_stm32f3xx.o
LOAD ./Core/Src/tim.o
LOAD ./Core/Startup/startup_stm32f303vctx.o
LOAD ./Drivers/STM32F3xx_HAL_Driver/Src/stm32f3xx_hal.o
LOAD ./Drivers/STM32F3xx_HAL_Driver/Src/stm32f3xx_hal_cortex.o
LOAD ./Drivers/STM32F3xx_HAL_Driver/Src/stm32f3xx_hal_dma.o
LOAD ./Drivers/STM32F3xx_HAL_Driver/Src/stm32f3xx_hal_exti.o
LOAD ./Drivers/STM32F3xx_HAL_Driver/Src/stm32f3xx_hal_flash.o
LOAD ./Drivers/STM32F3xx_HAL_Driver/Src/stm32f3xx_hal_flash_ex.o
LOAD ./Drivers/STM32F3xx_HAL_Driver/Src/stm32f3xx_hal_gpio.o
LOAD ./Drivers/STM32F3xx_HAL_Driver/Src/stm32f3xx_hal_i2c.o
LOAD ./Drivers/STM32F3xx_HAL_Driver/Src/stm32f3xx_hal_i2c_ex.o
LOAD ./Drivers/STM32F3xx_HAL_Driver/Src/stm32f3xx_hal_pwr.o
LOAD ./Drivers/STM32F3xx_HAL_Driver/Src/stm32f3xx_hal_pwr_ex.o
LOAD ./Drivers/STM32F3xx_HAL_Driver/Src/stm32f3xx_hal_rcc.o
LOAD ./Drivers/STM32F3xx_HAL_Driver/Src/stm32f3xx_hal_rcc_ex.o
LOAD ./Drivers/STM32F3xx_HAL_Driver/Src/stm32f3xx_hal_spi.o
LOAD ./Drivers/STM32F3xx_HAL_Driver/Src/stm32f3xx_hal_spi_ex.o
LOAD ./Drivers/STM32F3xx_HAL_Driver/Src/stm32f3xx_hal_tim.o
LOAD ./Drivers/STM32F3xx_HAL_Driver/Src/stm32f3xx_hal_tim_ex.o
START GROUP
LOAD c:/st/stm32cubeide_1.12.0/stm32cubeide/plugins/com.st.stm32cube.ide.mcu.externaltools.gnu-tools-for-stm32.10.3-2021.10.win32_1.0.200.202301161003/tools/bin/../lib/gcc/arm-none-eabi/10.3.1/../../../../arm-none-eabi/lib/thumb/v7e-m+fp/hard\libc_nano.a
LOAD c:/st/stm32cubeide_1.12.0/stm32cubeide/plugins/com.st.stm32cube.ide.mcu.externaltools.gnu-tools-for-stm32.10.3-2021.10.win32_1.0.200.202301161003/tools/bin/../lib/gcc/arm-none-eabi/10.3.1/../../../../arm-none-eabi/lib/thumb/v7e-m+fp/hard\libm.a
END GROUP
START GROUP
LOAD c:/st/stm32cubeide_1.12.0/stm32cubeide/plugins/com.st.stm32cube.ide.mcu.externaltools.gnu-tools-for-stm32.10.3-2021.10.win32_1.0.200.202301161003/tools/bin/../lib/gcc/arm-none-eabi/10.3.1/thumb/v7e-m+fp/hard\libgcc.a
LOAD c:/st/stm32cubeide_1.12.0/stm32cubeide/plugins/com.st.stm32cube.ide.mcu.externaltools.gnu-tools-for-stm32.10.3-2021.10.win32_1.0.200.202301161003/tools/bin/../lib/gcc/arm-none-eabi/10.3.1/../../../../arm-none-eabi/lib/thumb/v7e-m+fp/hard\libc_nano.a
END GROUP
START GROUP
LOAD c:/st/stm32cubeide_1.12.0/stm32cubeide/plugins/com.st.stm32cube.ide.mcu.externaltools.gnu-tools-for-stm32.10.3-2021.10.win32_1.0.200.202301161003/tools/bin/../lib/gcc/arm-none-eabi/10.3.1/thumb/v7e-m+fp/hard\libgcc.a
LOAD c:/st/stm32cubeide_1.12.0/stm32cubeide/plugins/com.st.stm32cube.ide.mcu.externaltools.gnu-tools-for-stm32.10.3-2021.10.win32_1.0.200.202301161003/tools/bin/../lib/gcc/arm-none-eabi/10.3.1/../../../../arm-none-eabi/lib/thumb/v7e-m+fp/hard\libc_nano.a
LOAD c:/st/stm32cubeide_1.12.0/stm32cubeide/plugins/com.st.stm32cube.ide.mcu.externaltools.gnu-tools-for-stm32.10.3-2021.10.win32_1.0.200.202301161003/tools/bin/../lib/gcc/arm-none-eabi/10.3.1/../../../../arm-none-eabi/lib/thumb/v7e-m+fp/hard\libnosys.a
END GROUP
START GROUP
LOAD c:/st/stm32cubeide_1.12.0/stm32cubeide/plugins/com.st.stm32cube.ide.mcu.externaltools.gnu-tools-for-stm32.10.3-2021.10.win32_1.0.200.202301161003/tools/bin/../lib/gcc/arm-none-eabi/10.3.1/thumb/v7e-m+fp/hard\libgcc.a
LOAD c:/st/stm32cubeide_1.12.0/stm32cubeide/plugins/com.st.stm32cube.ide.mcu.externaltools.gnu-tools-for-stm32.10.3-2021.10.win32_1.0.200.202301161003/tools/bin/../lib/gcc/arm-none-eabi/10.3.1/../../../../arm-none-eabi/lib/thumb/v7e-m+fp/hard\libc_nano.a
LOAD c:/st/stm32cubeide_1.12.0/stm32cubeide/plugins/com.st.stm32cube.ide.mcu.externaltools.gnu-tools-for-stm32.10.3-2021.10.win32_1.0.200.202301161003/tools/bin/../lib/gcc/arm-none-eabi/10.3.1/../../../../arm-none-eabi/lib/thumb/v7e-m+fp/hard\libnosys.a
END GROUP
LOAD c:/st/stm32cubeide_1.12.0/stm32cubeide/plugins/com.st.stm32cube.ide.mcu.externaltools.gnu-tools-for-stm32.10.3-2021.10.win32_1.0.200.202301161003/tools/bin/../lib/gcc/arm-none-eabi/10.3.1/thumb/v7e-m+fp/hard/crtend.o
LOAD c:/st/stm32cubeide_1.12.0/stm32cubeide/plugins/com.st.stm32cube.ide.mcu.externaltools.gnu-tools-for-stm32.10.3-2021.10.win32_1.0.200.202301161003/tools/bin/../lib/gcc/arm-none-eabi/10.3.1/thumb/v7e-m+fp/hard/crtn.o
                0x000000002000a000                _estack = (ORIGIN (RAM) + LENGTH (RAM))
                0x0000000000000200                _Min_Heap_Size = 0x200
                0x0000000000000400                _Min_Stack_Size = 0x400

.isr_vector     0x0000000008000000      0x188
                0x0000000008000000                . = ALIGN (0x4)
 *(.isr_vector)
 .isr_vector    0x0000000008000000      0x188 ./Core/Startup/startup_stm32f303vctx.o
                0x0000000008000000                g_pfnVectors
                0x0000000008000188                . = ALIGN (0x4)

.text           0x0000000008000188     0x4af0
                0x0000000008000188                . = ALIGN (0x4)
 *(.text)
 .text          0x0000000008000188       0x40 c:/st/stm32cubeide_1.12.0/stm32cubeide/plugins/com.st.stm32cube.ide.mcu.externaltools.gnu-tools-for-stm32.10.3-2021.10.win32_1.0.200.202301161003/tools/bin/../lib/gcc/arm-none-eabi/10.3.1/thumb/v7e-m+fp/hard/crtbegin.o
 *(.text*)
 .text.resetOutput_R1
                0x00000000080001c8       0x44 ./Core/Sequenceur_Driver/SequencerWheel.o
                0x00000000080001c8                resetOutput_R1
 .text.resetOutput_R2
                0x000000000800020c       0x44 ./Core/Sequenceur_Driver/SequencerWheel.o
                0x000000000800020c                resetOutput_R2
 .text.stopAlert
                0x0000000008000250       0x20 ./Core/Sequenceur_Driver/SequencerWheel.o
                0x0000000008000250                stopAlert
 .text.verityTableHoraire_R1
                0x0000000008000270      0x180 ./Core/Sequenceur_Driver/SequencerWheel.o
                0x0000000008000270                verityTableHoraire_R1
 .text.verityTableHoraireAntiHoraire_R1
                0x00000000080003f0      0x19c ./Core/Sequenceur_Driver/SequencerWheel.o
                0x00000000080003f0                verityTableHoraireAntiHoraire_R1
 .text.verityTableHoraire_R2
                0x000000000800058c      0x234 ./Core/Sequenceur_Driver/SequencerWheel.o
                0x000000000800058c                verityTableHoraire_R2
 .text.select_GPIO_out_stator
                0x00000000080007c0       0xe0 ./Core/Src/Low_level_functions.o
                0x00000000080007c0                select_GPIO_out_stator
 .text.MX_GPIO_Init
                0x00000000080008a0      0x22c ./Core/Src/gpio.o
                0x00000000080008a0                MX_GPIO_Init
 .text.main     0x0000000008000acc       0x70 ./Core/Src/main.o
                0x0000000008000acc                main
 .text.SystemClock_Config
                0x0000000008000b3c       0x82 ./Core/Src/main.o
                0x0000000008000b3c                SystemClock_Config
 *fill*         0x0000000008000bbe        0x2 
 .text.HAL_GPIO_EXTI_Callback
                0x0000000008000bc0      0x118 ./Core/Src/main.o
                0x0000000008000bc0                HAL_GPIO_EXTI_Callback
 .text.HAL_SPI_RxCpltCallback
                0x0000000008000cd8       0x6c ./Core/Src/main.o
                0x0000000008000cd8                HAL_SPI_RxCpltCallback
 .text.Error_Handler
                0x0000000008000d44        0xa ./Core/Src/main.o
                0x0000000008000d44                Error_Handler
 *fill*         0x0000000008000d4e        0x2 
 .text.MX_SPI2_Init
                0x0000000008000d50       0x74 ./Core/Src/spi.o
                0x0000000008000d50                MX_SPI2_Init
 .text.HAL_SPI_MspInit
                0x0000000008000dc4       0xd8 ./Core/Src/spi.o
                0x0000000008000dc4                HAL_SPI_MspInit
 .text.HAL_MspInit
                0x0000000008000e9c       0x48 ./Core/Src/stm32f3xx_hal_msp.o
                0x0000000008000e9c                HAL_MspInit
 .text.NMI_Handler
                0x0000000008000ee4        0x6 ./Core/Src/stm32f3xx_it.o
                0x0000000008000ee4                NMI_Handler
 .text.HardFault_Handler
                0x0000000008000eea        0x6 ./Core/Src/stm32f3xx_it.o
                0x0000000008000eea                HardFault_Handler
 .text.MemManage_Handler
                0x0000000008000ef0        0x6 ./Core/Src/stm32f3xx_it.o
                0x0000000008000ef0                MemManage_Handler
 .text.BusFault_Handler
                0x0000000008000ef6        0x6 ./Core/Src/stm32f3xx_it.o
                0x0000000008000ef6                BusFault_Handler
 .text.UsageFault_Handler
                0x0000000008000efc        0x6 ./Core/Src/stm32f3xx_it.o
                0x0000000008000efc                UsageFault_Handler
 .text.SVC_Handler
                0x0000000008000f02        0xe ./Core/Src/stm32f3xx_it.o
                0x0000000008000f02                SVC_Handler
 .text.DebugMon_Handler
                0x0000000008000f10        0xe ./Core/Src/stm32f3xx_it.o
                0x0000000008000f10                DebugMon_Handler
 .text.PendSV_Handler
                0x0000000008000f1e        0xe ./Core/Src/stm32f3xx_it.o
                0x0000000008000f1e                PendSV_Handler
 .text.SysTick_Handler
                0x0000000008000f2c        0xc ./Core/Src/stm32f3xx_it.o
                0x0000000008000f2c                SysTick_Handler
 .text.EXTI0_IRQHandler
                0x0000000008000f38        0xe ./Core/Src/stm32f3xx_it.o
                0x0000000008000f38                EXTI0_IRQHandler
 .text.EXTI1_IRQHandler
                0x0000000008000f46        0xe ./Core/Src/stm32f3xx_it.o
                0x0000000008000f46                EXTI1_IRQHandler
 .text.SPI2_IRQHandler
                0x0000000008000f54       0x14 ./Core/Src/stm32f3xx_it.o
                0x0000000008000f54                SPI2_IRQHandler
 .text.SystemInit
                0x0000000008000f68       0x24 ./Core/Src/system_stm32f3xx.o
                0x0000000008000f68                SystemInit
 .text.MX_TIM2_Init
                0x0000000008000f8c      0x118 ./Core/Src/tim.o
                0x0000000008000f8c                MX_TIM2_Init
 .text.MX_TIM4_Init
                0x00000000080010a4      0x118 ./Core/Src/tim.o
                0x00000000080010a4                MX_TIM4_Init
 .text.HAL_TIM_Base_MspInit
                0x00000000080011bc       0x64 ./Core/Src/tim.o
                0x00000000080011bc                HAL_TIM_Base_MspInit
 .text.HAL_TIM_MspPostInit
                0x0000000008001220       0xb8 ./Core/Src/tim.o
                0x0000000008001220                HAL_TIM_MspPostInit
 .text.Reset_Handler
                0x00000000080012d8       0x50 ./Core/Startup/startup_stm32f303vctx.o
                0x00000000080012d8                Reset_Handler
 .text.Default_Handler
                0x0000000008001328        0x2 ./Core/Startup/startup_stm32f303vctx.o
                0x0000000008001328                RTC_Alarm_IRQHandler
                0x0000000008001328                TIM8_TRG_COM_IRQHandler
                0x0000000008001328                TIM8_CC_IRQHandler
                0x0000000008001328                TIM1_CC_IRQHandler
                0x0000000008001328                USB_HP_IRQHandler
                0x0000000008001328                PVD_IRQHandler
                0x0000000008001328                TAMP_STAMP_IRQHandler
                0x0000000008001328                EXTI3_IRQHandler
                0x0000000008001328                USB_HP_CAN_TX_IRQHandler
                0x0000000008001328                I2C2_EV_IRQHandler
                0x0000000008001328                FPU_IRQHandler
                0x0000000008001328                TIM1_UP_TIM16_IRQHandler
                0x0000000008001328                ADC1_2_IRQHandler
                0x0000000008001328                SPI1_IRQHandler
                0x0000000008001328                CAN_SCE_IRQHandler
                0x0000000008001328                TIM6_DAC_IRQHandler
                0x0000000008001328                TIM8_UP_IRQHandler
                0x0000000008001328                DMA2_Channel2_IRQHandler
                0x0000000008001328                DMA1_Channel4_IRQHandler
                0x0000000008001328                USART3_IRQHandler
                0x0000000008001328                DMA1_Channel7_IRQHandler
                0x0000000008001328                UART5_IRQHandler
                0x0000000008001328                ADC3_IRQHandler
                0x0000000008001328                TIM4_IRQHandler
                0x0000000008001328                CAN_RX1_IRQHandler
                0x0000000008001328                DMA2_Channel1_IRQHandler
                0x0000000008001328                I2C1_EV_IRQHandler
                0x0000000008001328                DMA1_Channel6_IRQHandler
                0x0000000008001328                UART4_IRQHandler
                0x0000000008001328                DMA2_Channel4_IRQHandler
                0x0000000008001328                TIM3_IRQHandler
                0x0000000008001328                RCC_IRQHandler
                0x0000000008001328                DMA1_Channel1_IRQHandler
                0x0000000008001328                Default_Handler
                0x0000000008001328                USBWakeUp_RMP_IRQHandler
                0x0000000008001328                EXTI15_10_IRQHandler
                0x0000000008001328                TIM7_IRQHandler
                0x0000000008001328                EXTI9_5_IRQHandler
                0x0000000008001328                RTC_WKUP_IRQHandler
                0x0000000008001328                USB_LP_CAN_RX0_IRQHandler
                0x0000000008001328                DMA2_Channel5_IRQHandler
                0x0000000008001328                DMA1_Channel5_IRQHandler
                0x0000000008001328                USB_LP_IRQHandler
                0x0000000008001328                EXTI4_IRQHandler
                0x0000000008001328                TIM1_TRG_COM_TIM17_IRQHandler
                0x0000000008001328                DMA1_Channel3_IRQHandler
                0x0000000008001328                ADC4_IRQHandler
                0x0000000008001328                WWDG_IRQHandler
                0x0000000008001328                TIM2_IRQHandler
                0x0000000008001328                COMP7_IRQHandler
                0x0000000008001328                COMP1_2_3_IRQHandler
                0x0000000008001328                USART2_IRQHandler
                0x0000000008001328                COMP4_5_6_IRQHandler
                0x0000000008001328                I2C2_ER_IRQHandler
                0x0000000008001328                DMA1_Channel2_IRQHandler
                0x0000000008001328                TIM8_BRK_IRQHandler
                0x0000000008001328                FLASH_IRQHandler
                0x0000000008001328                USART1_IRQHandler
                0x0000000008001328                SPI3_IRQHandler
                0x0000000008001328                I2C1_ER_IRQHandler
                0x0000000008001328                USBWakeUp_IRQHandler
                0x0000000008001328                DMA2_Channel3_IRQHandler
                0x0000000008001328                EXTI2_TSC_IRQHandler
                0x0000000008001328                TIM1_BRK_TIM15_IRQHandler
 *fill*         0x000000000800132a        0x2 
 .text.HAL_Init
                0x000000000800132c       0x2c ./Drivers/STM32F3xx_HAL_Driver/Src/stm32f3xx_hal.o
                0x000000000800132c                HAL_Init
 .text.HAL_InitTick
                0x0000000008001358       0x60 ./Drivers/STM32F3xx_HAL_Driver/Src/stm32f3xx_hal.o
                0x0000000008001358                HAL_InitTick
 .text.HAL_IncTick
                0x00000000080013b8       0x28 ./Drivers/STM32F3xx_HAL_Driver/Src/stm32f3xx_hal.o
                0x00000000080013b8                HAL_IncTick
 .text.HAL_GetTick
                0x00000000080013e0       0x18 ./Drivers/STM32F3xx_HAL_Driver/Src/stm32f3xx_hal.o
                0x00000000080013e0                HAL_GetTick
 .text.__NVIC_SetPriorityGrouping
                0x00000000080013f8       0x48 ./Drivers/STM32F3xx_HAL_Driver/Src/stm32f3xx_hal_cortex.o
 .text.__NVIC_GetPriorityGrouping
                0x0000000008001440       0x1c ./Drivers/STM32F3xx_HAL_Driver/Src/stm32f3xx_hal_cortex.o
 .text.__NVIC_EnableIRQ
                0x000000000800145c       0x3c ./Drivers/STM32F3xx_HAL_Driver/Src/stm32f3xx_hal_cortex.o
 .text.__NVIC_SetPriority
                0x0000000008001498       0x54 ./Drivers/STM32F3xx_HAL_Driver/Src/stm32f3xx_hal_cortex.o
 .text.NVIC_EncodePriority
                0x00000000080014ec       0x66 ./Drivers/STM32F3xx_HAL_Driver/Src/stm32f3xx_hal_cortex.o
 *fill*         0x0000000008001552        0x2 
 .text.SysTick_Config
                0x0000000008001554       0x44 ./Drivers/STM32F3xx_HAL_Driver/Src/stm32f3xx_hal_cortex.o
 .text.HAL_NVIC_SetPriorityGrouping
                0x0000000008001598       0x16 ./Drivers/STM32F3xx_HAL_Driver/Src/stm32f3xx_hal_cortex.o
                0x0000000008001598                HAL_NVIC_SetPriorityGrouping
 .text.HAL_NVIC_SetPriority
                0x00000000080015ae       0x38 ./Drivers/STM32F3xx_HAL_Driver/Src/stm32f3xx_hal_cortex.o
                0x00000000080015ae                HAL_NVIC_SetPriority
 .text.HAL_NVIC_EnableIRQ
                0x00000000080015e6       0x1c ./Drivers/STM32F3xx_HAL_Driver/Src/stm32f3xx_hal_cortex.o
                0x00000000080015e6                HAL_NVIC_EnableIRQ
 .text.HAL_SYSTICK_Config
                0x0000000008001602       0x18 ./Drivers/STM32F3xx_HAL_Driver/Src/stm32f3xx_hal_cortex.o
                0x0000000008001602                HAL_SYSTICK_Config
 .text.HAL_DMA_Abort_IT
                0x000000000800161a       0x7c ./Drivers/STM32F3xx_HAL_Driver/Src/stm32f3xx_hal_dma.o
                0x000000000800161a                HAL_DMA_Abort_IT
 *fill*         0x0000000008001696        0x2 
 .text.HAL_GPIO_Init
                0x0000000008001698      0x2f4 ./Drivers/STM32F3xx_HAL_Driver/Src/stm32f3xx_hal_gpio.o
                0x0000000008001698                HAL_GPIO_Init
 .text.HAL_GPIO_WritePin
                0x000000000800198c       0x30 ./Drivers/STM32F3xx_HAL_Driver/Src/stm32f3xx_hal_gpio.o
                0x000000000800198c                HAL_GPIO_WritePin
 .text.HAL_GPIO_EXTI_IRQHandler
                0x00000000080019bc       0x30 ./Drivers/STM32F3xx_HAL_Driver/Src/stm32f3xx_hal_gpio.o
                0x00000000080019bc                HAL_GPIO_EXTI_IRQHandler
 .text.HAL_RCC_OscConfig
                0x00000000080019ec     0x107c ./Drivers/STM32F3xx_HAL_Driver/Src/stm32f3xx_hal_rcc.o
                0x00000000080019ec                HAL_RCC_OscConfig
 .text.HAL_RCC_ClockConfig
                0x0000000008002a68      0x2f8 ./Drivers/STM32F3xx_HAL_Driver/Src/stm32f3xx_hal_rcc.o
                0x0000000008002a68                HAL_RCC_ClockConfig
 .text.HAL_RCC_GetSysClockFreq
                0x0000000008002d60       0xa8 ./Drivers/STM32F3xx_HAL_Driver/Src/stm32f3xx_hal_rcc.o
                0x0000000008002d60                HAL_RCC_GetSysClockFreq
 .text.HAL_SPI_Init
                0x0000000008002e08      0x156 ./Drivers/STM32F3xx_HAL_Driver/Src/stm32f3xx_hal_spi.o
                0x0000000008002e08                HAL_SPI_Init
 *fill*         0x0000000008002f5e        0x2 
 .text.HAL_SPI_Receive_IT
                0x0000000008002f60      0x15c ./Drivers/STM32F3xx_HAL_Driver/Src/stm32f3xx_hal_spi.o
                0x0000000008002f60                HAL_SPI_Receive_IT
 .text.HAL_SPI_TransmitReceive_IT
                0x00000000080030bc      0x15c ./Drivers/STM32F3xx_HAL_Driver/Src/stm32f3xx_hal_spi.o
                0x00000000080030bc                HAL_SPI_TransmitReceive_IT
 .text.HAL_SPI_IRQHandler
                0x0000000008003218      0x200 ./Drivers/STM32F3xx_HAL_Driver/Src/stm32f3xx_hal_spi.o
                0x0000000008003218                HAL_SPI_IRQHandler
 .text.HAL_SPI_TxRxCpltCallback
                0x0000000008003418       0x14 ./Drivers/STM32F3xx_HAL_Driver/Src/stm32f3xx_hal_spi.o
                0x0000000008003418                HAL_SPI_TxRxCpltCallback
 .text.HAL_SPI_ErrorCallback
                0x000000000800342c       0x14 ./Drivers/STM32F3xx_HAL_Driver/Src/stm32f3xx_hal_spi.o
                0x000000000800342c                HAL_SPI_ErrorCallback
 .text.SPI_DMAAbortOnError
                0x0000000008003440       0x2a ./Drivers/STM32F3xx_HAL_Driver/Src/stm32f3xx_hal_spi.o
 .text.SPI_2linesRxISR_8BIT
                0x000000000800346a       0xbe ./Drivers/STM32F3xx_HAL_Driver/Src/stm32f3xx_hal_spi.o
 .text.SPI_2linesTxISR_8BIT
                0x0000000008003528       0x92 ./Drivers/STM32F3xx_HAL_Driver/Src/stm32f3xx_hal_spi.o
 .text.SPI_2linesRxISR_16BIT
                0x00000000080035ba       0x66 ./Drivers/STM32F3xx_HAL_Driver/Src/stm32f3xx_hal_spi.o
 .text.SPI_2linesTxISR_16BIT
                0x0000000008003620       0x60 ./Drivers/STM32F3xx_HAL_Driver/Src/stm32f3xx_hal_spi.o
 .text.SPI_RxISR_8BIT
                0x0000000008003680       0x50 ./Drivers/STM32F3xx_HAL_Driver/Src/stm32f3xx_hal_spi.o
 .text.SPI_RxISR_16BIT
                0x00000000080036d0       0x4c ./Drivers/STM32F3xx_HAL_Driver/Src/stm32f3xx_hal_spi.o
 .text.SPI_WaitFlagStateUntilTimeout
                0x000000000800371c      0x110 ./Drivers/STM32F3xx_HAL_Driver/Src/stm32f3xx_hal_spi.o
 .text.SPI_WaitFifoStateUntilTimeout
                0x000000000800382c      0x12c ./Drivers/STM32F3xx_HAL_Driver/Src/stm32f3xx_hal_spi.o
 .text.SPI_EndRxTransaction
                0x0000000008003958       0xb0 ./Drivers/STM32F3xx_HAL_Driver/Src/stm32f3xx_hal_spi.o
 .text.SPI_EndRxTxTransaction
                0x0000000008003a08       0x8c ./Drivers/STM32F3xx_HAL_Driver/Src/stm32f3xx_hal_spi.o
 .text.SPI_CloseRxTx_ISR
                0x0000000008003a94       0x84 ./Drivers/STM32F3xx_HAL_Driver/Src/stm32f3xx_hal_spi.o
 .text.SPI_CloseRx_ISR
                0x0000000008003b18       0x60 ./Drivers/STM32F3xx_HAL_Driver/Src/stm32f3xx_hal_spi.o
 .text.HAL_TIM_Base_Init
                0x0000000008003b78       0xae ./Drivers/STM32F3xx_HAL_Driver/Src/stm32f3xx_hal_tim.o
                0x0000000008003b78                HAL_TIM_Base_Init
 .text.HAL_TIM_PWM_Init
                0x0000000008003c26       0xae ./Drivers/STM32F3xx_HAL_Driver/Src/stm32f3xx_hal_tim.o
                0x0000000008003c26                HAL_TIM_PWM_Init
 .text.HAL_TIM_PWM_MspInit
                0x0000000008003cd4       0x14 ./Drivers/STM32F3xx_HAL_Driver/Src/stm32f3xx_hal_tim.o
                0x0000000008003cd4                HAL_TIM_PWM_MspInit
 .text.HAL_TIM_PWM_Start
                0x0000000008003ce8      0x200 ./Drivers/STM32F3xx_HAL_Driver/Src/stm32f3xx_hal_tim.o
                0x0000000008003ce8                HAL_TIM_PWM_Start
 .text.HAL_TIM_PWM_ConfigChannel
                0x0000000008003ee8      0x228 ./Drivers/STM32F3xx_HAL_Driver/Src/stm32f3xx_hal_tim.o
                0x0000000008003ee8                HAL_TIM_PWM_ConfigChannel
 .text.HAL_TIM_ConfigClockSource
                0x0000000008004110      0x192 ./Drivers/STM32F3xx_HAL_Driver/Src/stm32f3xx_hal_tim.o
                0x0000000008004110                HAL_TIM_ConfigClockSource
 *fill*         0x00000000080042a2        0x2 
 .text.TIM_Base_SetConfig
                0x00000000080042a4      0x138 ./Drivers/STM32F3xx_HAL_Driver/Src/stm32f3xx_hal_tim.o
                0x00000000080042a4                TIM_Base_SetConfig
 .text.TIM_OC1_SetConfig
                0x00000000080043dc      0x120 ./Drivers/STM32F3xx_HAL_Driver/Src/stm32f3xx_hal_tim.o
 .text.TIM_OC2_SetConfig
                0x00000000080044fc      0x114 ./Drivers/STM32F3xx_HAL_Driver/Src/stm32f3xx_hal_tim.o
                0x00000000080044fc                TIM_OC2_SetConfig
 .text.TIM_OC3_SetConfig
                0x0000000008004610      0x110 ./Drivers/STM32F3xx_HAL_Driver/Src/stm32f3xx_hal_tim.o
 .text.TIM_OC4_SetConfig
                0x0000000008004720       0xd4 ./Drivers/STM32F3xx_HAL_Driver/Src/stm32f3xx_hal_tim.o
 .text.TIM_OC5_SetConfig
                0x00000000080047f4       0xc8 ./Drivers/STM32F3xx_HAL_Driver/Src/stm32f3xx_hal_tim.o
 .text.TIM_OC6_SetConfig
                0x00000000080048bc       0xcc ./Drivers/STM32F3xx_HAL_Driver/Src/stm32f3xx_hal_tim.o
 .text.TIM_TI1_ConfigInputStage
                0x0000000008004988       0x5e ./Drivers/STM32F3xx_HAL_Driver/Src/stm32f3xx_hal_tim.o
 .text.TIM_TI2_ConfigInputStage
                0x00000000080049e6       0x60 ./Drivers/STM32F3xx_HAL_Driver/Src/stm32f3xx_hal_tim.o
 .text.TIM_ITRx_SetConfig
                0x0000000008004a46       0x36 ./Drivers/STM32F3xx_HAL_Driver/Src/stm32f3xx_hal_tim.o
 .text.TIM_ETR_SetConfig
                0x0000000008004a7c       0x40 ./Drivers/STM32F3xx_HAL_Driver/Src/stm32f3xx_hal_tim.o
                0x0000000008004a7c                TIM_ETR_SetConfig
 .text.TIM_CCxChannelCmd
                0x0000000008004abc       0x4a ./Drivers/STM32F3xx_HAL_Driver/Src/stm32f3xx_hal_tim.o
                0x0000000008004abc                TIM_CCxChannelCmd
 *fill*         0x0000000008004b06        0x2 
 .text.HAL_TIMEx_MasterConfigSynchronization
                0x0000000008004b08      0x100 ./Drivers/STM32F3xx_HAL_Driver/Src/stm32f3xx_hal_tim_ex.o
                0x0000000008004b08                HAL_TIMEx_MasterConfigSynchronization
 .text.__libc_init_array
                0x0000000008004c08       0x48 c:/st/stm32cubeide_1.12.0/stm32cubeide/plugins/com.st.stm32cube.ide.mcu.externaltools.gnu-tools-for-stm32.10.3-2021.10.win32_1.0.200.202301161003/tools/bin/../lib/gcc/arm-none-eabi/10.3.1/../../../../arm-none-eabi/lib/thumb/v7e-m+fp/hard\libc_nano.a(lib_a-init.o)
                0x0000000008004c08                __libc_init_array
 .text.memset   0x0000000008004c50       0x10 c:/st/stm32cubeide_1.12.0/stm32cubeide/plugins/com.st.stm32cube.ide.mcu.externaltools.gnu-tools-for-stm32.10.3-2021.10.win32_1.0.200.202301161003/tools/bin/../lib/gcc/arm-none-eabi/10.3.1/../../../../arm-none-eabi/lib/thumb/v7e-m+fp/hard\libc_nano.a(lib_a-memset.o)
                0x0000000008004c50                memset
 *(.glue_7)
 .glue_7        0x0000000008004c60        0x0 linker stubs
 *(.glue_7t)
 .glue_7t       0x0000000008004c60        0x0 linker stubs
 *(.eh_frame)
 .eh_frame      0x0000000008004c60        0x0 c:/st/stm32cubeide_1.12.0/stm32cubeide/plugins/com.st.stm32cube.ide.mcu.externaltools.gnu-tools-for-stm32.10.3-2021.10.win32_1.0.200.202301161003/tools/bin/../lib/gcc/arm-none-eabi/10.3.1/thumb/v7e-m+fp/hard/crtbegin.o
 *(.init)
 .init          0x0000000008004c60        0x4 c:/st/stm32cubeide_1.12.0/stm32cubeide/plugins/com.st.stm32cube.ide.mcu.externaltools.gnu-tools-for-stm32.10.3-2021.10.win32_1.0.200.202301161003/tools/bin/../lib/gcc/arm-none-eabi/10.3.1/thumb/v7e-m+fp/hard/crti.o
                0x0000000008004c60                _init
 .init          0x0000000008004c64        0x8 c:/st/stm32cubeide_1.12.0/stm32cubeide/plugins/com.st.stm32cube.ide.mcu.externaltools.gnu-tools-for-stm32.10.3-2021.10.win32_1.0.200.202301161003/tools/bin/../lib/gcc/arm-none-eabi/10.3.1/thumb/v7e-m+fp/hard/crtn.o
 *(.fini)
 .fini          0x0000000008004c6c        0x4 c:/st/stm32cubeide_1.12.0/stm32cubeide/plugins/com.st.stm32cube.ide.mcu.externaltools.gnu-tools-for-stm32.10.3-2021.10.win32_1.0.200.202301161003/tools/bin/../lib/gcc/arm-none-eabi/10.3.1/thumb/v7e-m+fp/hard/crti.o
                0x0000000008004c6c                _fini
 .fini          0x0000000008004c70        0x8 c:/st/stm32cubeide_1.12.0/stm32cubeide/plugins/com.st.stm32cube.ide.mcu.externaltools.gnu-tools-for-stm32.10.3-2021.10.win32_1.0.200.202301161003/tools/bin/../lib/gcc/arm-none-eabi/10.3.1/thumb/v7e-m+fp/hard/crtn.o
                0x0000000008004c78                . = ALIGN (0x4)
                0x0000000008004c78                _etext = .

.vfp11_veneer   0x0000000008004c78        0x0
 .vfp11_veneer  0x0000000008004c78        0x0 linker stubs

.v4_bx          0x0000000008004c78        0x0
 .v4_bx         0x0000000008004c78        0x0 linker stubs

.iplt           0x0000000008004c78        0x0
 .iplt          0x0000000008004c78        0x0 c:/st/stm32cubeide_1.12.0/stm32cubeide/plugins/com.st.stm32cube.ide.mcu.externaltools.gnu-tools-for-stm32.10.3-2021.10.win32_1.0.200.202301161003/tools/bin/../lib/gcc/arm-none-eabi/10.3.1/thumb/v7e-m+fp/hard/crtbegin.o

.rodata         0x0000000008004c78       0x30
                0x0000000008004c78                . = ALIGN (0x4)
 *(.rodata)
 *(.rodata*)
 .rodata.AHBPrescTable
                0x0000000008004c78       0x10 ./Core/Src/system_stm32f3xx.o
                0x0000000008004c78                AHBPrescTable
 .rodata.aPLLMULFactorTable
                0x0000000008004c88       0x10 ./Drivers/STM32F3xx_HAL_Driver/Src/stm32f3xx_hal_rcc.o
 .rodata.aPredivFactorTable
                0x0000000008004c98       0x10 ./Drivers/STM32F3xx_HAL_Driver/Src/stm32f3xx_hal_rcc.o
                0x0000000008004ca8                . = ALIGN (0x4)

.rel.dyn        0x0000000008004ca8        0x0
 .rel.iplt      0x0000000008004ca8        0x0 c:/st/stm32cubeide_1.12.0/stm32cubeide/plugins/com.st.stm32cube.ide.mcu.externaltools.gnu-tools-for-stm32.10.3-2021.10.win32_1.0.200.202301161003/tools/bin/../lib/gcc/arm-none-eabi/10.3.1/thumb/v7e-m+fp/hard/crtbegin.o

.ARM.extab      0x0000000008004ca8        0x0
                0x0000000008004ca8                . = ALIGN (0x4)
 *(.ARM.extab* .gnu.linkonce.armextab.*)
                0x0000000008004ca8                . = ALIGN (0x4)

.ARM            0x0000000008004ca8        0x0
                0x0000000008004ca8                . = ALIGN (0x4)
                0x0000000008004ca8                __exidx_start = .
 *(.ARM.exidx*)
                0x0000000008004ca8                __exidx_end = .
                0x0000000008004ca8                . = ALIGN (0x4)

.preinit_array  0x0000000008004ca8        0x0
                0x0000000008004ca8                . = ALIGN (0x4)
                0x0000000008004ca8                PROVIDE (__preinit_array_start = .)
 *(.preinit_array*)
                0x0000000008004ca8                PROVIDE (__preinit_array_end = .)
                0x0000000008004ca8                . = ALIGN (0x4)

.init_array     0x0000000008004ca8        0x4
                0x0000000008004ca8                . = ALIGN (0x4)
                0x0000000008004ca8                PROVIDE (__init_array_start = .)
 *(SORT_BY_NAME(.init_array.*))
 *(.init_array*)
 .init_array    0x0000000008004ca8        0x4 c:/st/stm32cubeide_1.12.0/stm32cubeide/plugins/com.st.stm32cube.ide.mcu.externaltools.gnu-tools-for-stm32.10.3-2021.10.win32_1.0.200.202301161003/tools/bin/../lib/gcc/arm-none-eabi/10.3.1/thumb/v7e-m+fp/hard/crtbegin.o
                0x0000000008004cac                PROVIDE (__init_array_end = .)
                0x0000000008004cac                . = ALIGN (0x4)

.fini_array     0x0000000008004cac        0x4
                0x0000000008004cac                . = ALIGN (0x4)
                [!provide]                        PROVIDE (__fini_array_start = .)
 *(SORT_BY_NAME(.fini_array.*))
 *(.fini_array*)
 .fini_array    0x0000000008004cac        0x4 c:/st/stm32cubeide_1.12.0/stm32cubeide/plugins/com.st.stm32cube.ide.mcu.externaltools.gnu-tools-for-stm32.10.3-2021.10.win32_1.0.200.202301161003/tools/bin/../lib/gcc/arm-none-eabi/10.3.1/thumb/v7e-m+fp/hard/crtbegin.o
                [!provide]                        PROVIDE (__fini_array_end = .)
                0x0000000008004cb0                . = ALIGN (0x4)
                0x0000000008004cb0                _sidata = LOADADDR (.data)

.data           0x0000000020000000       0x20 load address 0x0000000008004cb0
                0x0000000020000000                . = ALIGN (0x4)
                0x0000000020000000                _sdata = .
 *(.data)
 *(.data*)
 .data.oldHallSensor_R1
                0x0000000020000000        0x2 ./Core/Src/main.o
                0x0000000020000000                oldHallSensor_R1
 .data.oldHallSensor_R2
                0x0000000020000002        0x2 ./Core/Src/main.o
                0x0000000020000002                oldHallSensor_R2
 .data.rotation_R1
                0x0000000020000004        0x1 ./Core/Src/main.o
                0x0000000020000004                rotation_R1
 .data.rotation_R2
                0x0000000020000005        0x1 ./Core/Src/main.o
                0x0000000020000005                rotation_R2
 *fill*         0x0000000020000006        0x2 
 .data.speed_R1
                0x0000000020000008        0x4 ./Core/Src/main.o
                0x0000000020000008                speed_R1
 .data.speed_R2
                0x000000002000000c        0x4 ./Core/Src/main.o
                0x000000002000000c                speed_R2
 .data.size     0x0000000020000010        0x2 ./Core/Src/main.o
                0x0000000020000010                size
 *fill*         0x0000000020000012        0x2 
 .data.SystemCoreClock
                0x0000000020000014        0x4 ./Core/Src/system_stm32f3xx.o
                0x0000000020000014                SystemCoreClock
 .data.uwTickPrio
                0x0000000020000018        0x4 ./Drivers/STM32F3xx_HAL_Driver/Src/stm32f3xx_hal.o
                0x0000000020000018                uwTickPrio
 .data.uwTickFreq
                0x000000002000001c        0x1 ./Drivers/STM32F3xx_HAL_Driver/Src/stm32f3xx_hal.o
                0x000000002000001c                uwTickFreq
 *(.RamFunc)
 *(.RamFunc*)
                0x0000000020000020                . = ALIGN (0x4)
 *fill*         0x000000002000001d        0x3 
                0x0000000020000020                _edata = .
                0x0000000008004cd0                _siccmram = LOADADDR (.ccmram)

.igot.plt       0x0000000020000020        0x0 load address 0x0000000008004cd0
 .igot.plt      0x0000000020000020        0x0 c:/st/stm32cubeide_1.12.0/stm32cubeide/plugins/com.st.stm32cube.ide.mcu.externaltools.gnu-tools-for-stm32.10.3-2021.10.win32_1.0.200.202301161003/tools/bin/../lib/gcc/arm-none-eabi/10.3.1/thumb/v7e-m+fp/hard/crtbegin.o

.ccmram         0x0000000010000000        0x0 load address 0x0000000008004cd0
                0x0000000010000000                . = ALIGN (0x4)
                0x0000000010000000                _sccmram = .
 *(.ccmram)
 *(.ccmram*)
                0x0000000010000000                . = ALIGN (0x4)
                0x0000000010000000                _eccmram = .
                0x0000000010000000                . = ALIGN (0x4)

.bss            0x0000000020000020      0x130
                0x0000000020000020                _sbss = .
                0x0000000020000020                __bss_start__ = _sbss
 *(.bss)
 .bss           0x0000000020000020       0x1c c:/st/stm32cubeide_1.12.0/stm32cubeide/plugins/com.st.stm32cube.ide.mcu.externaltools.gnu-tools-for-stm32.10.3-2021.10.win32_1.0.200.202301161003/tools/bin/../lib/gcc/arm-none-eabi/10.3.1/thumb/v7e-m+fp/hard/crtbegin.o
 *(.bss*)
 .bss.hallSensor_R1
                0x000000002000003c        0x2 ./Core/Src/main.o
                0x000000002000003c                hallSensor_R1
 .bss.hallSensor_R2
                0x000000002000003e        0x2 ./Core/Src/main.o
                0x000000002000003e                hallSensor_R2
 .bss.tick_R1   0x0000000020000040        0x2 ./Core/Src/main.o
                0x0000000020000040                tick_R1
 .bss.tick_R2   0x0000000020000042        0x2 ./Core/Src/main.o
                0x0000000020000042                tick_R2
 .bss.bstop     0x0000000020000044        0x1 ./Core/Src/main.o
                0x0000000020000044                bstop
 .bss.counter   0x0000000020000045        0x1 ./Core/Src/main.o
                0x0000000020000045                counter
 *fill*         0x0000000020000046        0x2 
 .bss.pData     0x0000000020000048        0x3 ./Core/Src/main.o
                0x0000000020000048                pData
 .bss.res0      0x000000002000004b        0x1 ./Core/Src/main.o
                0x000000002000004b                res0
 .bss.res1      0x000000002000004c        0x1 ./Core/Src/main.o
                0x000000002000004c                res1
 .bss.res2      0x000000002000004d        0x1 ./Core/Src/main.o
                0x000000002000004d                res2
 *fill*         0x000000002000004e        0x2 
 .bss.hspi2     0x0000000020000050       0x64 ./Core/Src/spi.o
                0x0000000020000050                hspi2
 .bss.htim2     0x00000000200000b4       0x4c ./Core/Src/tim.o
                0x00000000200000b4                htim2
 .bss.htim4     0x0000000020000100       0x4c ./Core/Src/tim.o
                0x0000000020000100                htim4
 .bss.uwTick    0x000000002000014c        0x4 ./Drivers/STM32F3xx_HAL_Driver/Src/stm32f3xx_hal.o
                0x000000002000014c                uwTick
 *(COMMON)
                0x0000000020000150                . = ALIGN (0x4)
                0x0000000020000150                _ebss = .
                0x0000000020000150                __bss_end__ = _ebss

._user_heap_stack
                0x0000000020000150      0x600
                0x0000000020000150                . = ALIGN (0x8)
                [!provide]                        PROVIDE (end = .)
                0x0000000020000150                PROVIDE (_end = .)
                0x0000000020000350                . = (. + _Min_Heap_Size)
 *fill*         0x0000000020000150      0x200 
                0x0000000020000750                . = (. + _Min_Stack_Size)
 *fill*         0x0000000020000350      0x400 
                0x0000000020000750                . = ALIGN (0x8)

/DISCARD/
 libc.a(*)
 libm.a(*)
 libgcc.a(*)

.ARM.attributes
                0x0000000000000000       0x30
 *(.ARM.attributes)
 .ARM.attributes
                0x0000000000000000       0x1e c:/st/stm32cubeide_1.12.0/stm32cubeide/plugins/com.st.stm32cube.ide.mcu.externaltools.gnu-tools-for-stm32.10.3-2021.10.win32_1.0.200.202301161003/tools/bin/../lib/gcc/arm-none-eabi/10.3.1/thumb/v7e-m+fp/hard/crti.o
 .ARM.attributes
                0x000000000000001e       0x34 c:/st/stm32cubeide_1.12.0/stm32cubeide/plugins/com.st.stm32cube.ide.mcu.externaltools.gnu-tools-for-stm32.10.3-2021.10.win32_1.0.200.202301161003/tools/bin/../lib/gcc/arm-none-eabi/10.3.1/thumb/v7e-m+fp/hard/crtbegin.o
 .ARM.attributes
                0x0000000000000052       0x34 ./Core/Sequenceur_Driver/SequencerWheel.o
 .ARM.attributes
                0x0000000000000086       0x34 ./Core/Src/Low_level_functions.o
 .ARM.attributes
                0x00000000000000ba       0x34 ./Core/Src/gpio.o
 .ARM.attributes
                0x00000000000000ee       0x34 ./Core/Src/main.o
 .ARM.attributes
                0x0000000000000122       0x34 ./Core/Src/spi.o
 .ARM.attributes
                0x0000000000000156       0x34 ./Core/Src/stm32f3xx_hal_msp.o
 .ARM.attributes
                0x000000000000018a       0x34 ./Core/Src/stm32f3xx_it.o
 .ARM.attributes
                0x00000000000001be       0x34 ./Core/Src/system_stm32f3xx.o
 .ARM.attributes
                0x00000000000001f2       0x34 ./Core/Src/tim.o
 .ARM.attributes
                0x0000000000000226       0x21 ./Core/Startup/startup_stm32f303vctx.o
 .ARM.attributes
                0x0000000000000247       0x34 ./Drivers/STM32F3xx_HAL_Driver/Src/stm32f3xx_hal.o
 .ARM.attributes
                0x000000000000027b       0x34 ./Drivers/STM32F3xx_HAL_Driver/Src/stm32f3xx_hal_cortex.o
 .ARM.attributes
                0x00000000000002af       0x34 ./Drivers/STM32F3xx_HAL_Driver/Src/stm32f3xx_hal_dma.o
 .ARM.attributes
                0x00000000000002e3       0x34 ./Drivers/STM32F3xx_HAL_Driver/Src/stm32f3xx_hal_gpio.o
 .ARM.attributes
                0x0000000000000317       0x34 ./Drivers/STM32F3xx_HAL_Driver/Src/stm32f3xx_hal_rcc.o
 .ARM.attributes
                0x000000000000034b       0x34 ./Drivers/STM32F3xx_HAL_Driver/Src/stm32f3xx_hal_spi.o
 .ARM.attributes
                0x000000000000037f       0x34 ./Drivers/STM32F3xx_HAL_Driver/Src/stm32f3xx_hal_tim.o
 .ARM.attributes
                0x00000000000003b3       0x34 ./Drivers/STM32F3xx_HAL_Driver/Src/stm32f3xx_hal_tim_ex.o
 .ARM.attributes
                0x00000000000003e7       0x34 c:/st/stm32cubeide_1.12.0/stm32cubeide/plugins/com.st.stm32cube.ide.mcu.externaltools.gnu-tools-for-stm32.10.3-2021.10.win32_1.0.200.202301161003/tools/bin/../lib/gcc/arm-none-eabi/10.3.1/../../../../arm-none-eabi/lib/thumb/v7e-m+fp/hard\libc_nano.a(lib_a-init.o)
 .ARM.attributes
                0x000000000000041b       0x34 c:/st/stm32cubeide_1.12.0/stm32cubeide/plugins/com.st.stm32cube.ide.mcu.externaltools.gnu-tools-for-stm32.10.3-2021.10.win32_1.0.200.202301161003/tools/bin/../lib/gcc/arm-none-eabi/10.3.1/../../../../arm-none-eabi/lib/thumb/v7e-m+fp/hard\libc_nano.a(lib_a-memset.o)
 .ARM.attributes
                0x000000000000044f       0x1e c:/st/stm32cubeide_1.12.0/stm32cubeide/plugins/com.st.stm32cube.ide.mcu.externaltools.gnu-tools-for-stm32.10.3-2021.10.win32_1.0.200.202301161003/tools/bin/../lib/gcc/arm-none-eabi/10.3.1/thumb/v7e-m+fp/hard/crtn.o
OUTPUT(Half_Bridge.elf elf32-littlearm)
LOAD linker stubs
LOAD c:/st/stm32cubeide_1.12.0/stm32cubeide/plugins/com.st.stm32cube.ide.mcu.externaltools.gnu-tools-for-stm32.10.3-2021.10.win32_1.0.200.202301161003/tools/bin/../lib/gcc/arm-none-eabi/10.3.1/../../../../arm-none-eabi/lib/thumb/v7e-m+fp/hard\libc.a
LOAD c:/st/stm32cubeide_1.12.0/stm32cubeide/plugins/com.st.stm32cube.ide.mcu.externaltools.gnu-tools-for-stm32.10.3-2021.10.win32_1.0.200.202301161003/tools/bin/../lib/gcc/arm-none-eabi/10.3.1/../../../../arm-none-eabi/lib/thumb/v7e-m+fp/hard\libm.a
LOAD c:/st/stm32cubeide_1.12.0/stm32cubeide/plugins/com.st.stm32cube.ide.mcu.externaltools.gnu-tools-for-stm32.10.3-2021.10.win32_1.0.200.202301161003/tools/bin/../lib/gcc/arm-none-eabi/10.3.1/thumb/v7e-m+fp/hard\libgcc.a

.debug_info     0x0000000000000000     0xd4b5
 .debug_info    0x0000000000000000      0x4e0 ./Core/Sequenceur_Driver/SequencerWheel.o
 .debug_info    0x00000000000004e0      0x355 ./Core/Src/Low_level_functions.o
 .debug_info    0x0000000000000835      0x5e2 ./Core/Src/gpio.o
 .debug_info    0x0000000000000e17      0xedb ./Core/Src/main.o
 .debug_info    0x0000000000001cf2      0xb14 ./Core/Src/spi.o
 .debug_info    0x0000000000002806      0x1bd ./Core/Src/stm32f3xx_hal_msp.o
 .debug_info    0x00000000000029c3      0x6c2 ./Core/Src/stm32f3xx_it.o
 .debug_info    0x0000000000003085      0x416 ./Core/Src/system_stm32f3xx.o
 .debug_info    0x000000000000349b      0xc0c ./Core/Src/tim.o
 .debug_info    0x00000000000040a7       0x22 ./Core/Startup/startup_stm32f303vctx.o
 .debug_info    0x00000000000040c9      0x807 ./Drivers/STM32F3xx_HAL_Driver/Src/stm32f3xx_hal.o
 .debug_info    0x00000000000048d0      0xdba ./Drivers/STM32F3xx_HAL_Driver/Src/stm32f3xx_hal_cortex.o
 .debug_info    0x000000000000568a      0x757 ./Drivers/STM32F3xx_HAL_Driver/Src/stm32f3xx_hal_dma.o
 .debug_info    0x0000000000005de1      0x68a ./Drivers/STM32F3xx_HAL_Driver/Src/stm32f3xx_hal_gpio.o
 .debug_info    0x000000000000646b     0x151b ./Drivers/STM32F3xx_HAL_Driver/Src/stm32f3xx_hal_rcc.o
 .debug_info    0x0000000000007986     0x178c ./Drivers/STM32F3xx_HAL_Driver/Src/stm32f3xx_hal_spi.o
 .debug_info    0x0000000000009112     0x2cfb ./Drivers/STM32F3xx_HAL_Driver/Src/stm32f3xx_hal_tim.o
 .debug_info    0x000000000000be0d     0x16a8 ./Drivers/STM32F3xx_HAL_Driver/Src/stm32f3xx_hal_tim_ex.o

.debug_abbrev   0x0000000000000000     0x20bc
 .debug_abbrev  0x0000000000000000      0x185 ./Core/Sequenceur_Driver/SequencerWheel.o
 .debug_abbrev  0x0000000000000185      0x101 ./Core/Src/Low_level_functions.o
 .debug_abbrev  0x0000000000000286      0x14f ./Core/Src/gpio.o
 .debug_abbrev  0x00000000000003d5      0x254 ./Core/Src/main.o
 .debug_abbrev  0x0000000000000629      0x1e9 ./Core/Src/spi.o
 .debug_abbrev  0x0000000000000812       0xde ./Core/Src/stm32f3xx_hal_msp.o
 .debug_abbrev  0x00000000000008f0      0x170 ./Core/Src/stm32f3xx_it.o
 .debug_abbrev  0x0000000000000a60      0x116 ./Core/Src/system_stm32f3xx.o
 .debug_abbrev  0x0000000000000b76      0x243 ./Core/Src/tim.o
 .debug_abbrev  0x0000000000000db9       0x12 ./Core/Startup/startup_stm32f303vctx.o
 .debug_abbrev  0x0000000000000dcb      0x20e ./Drivers/STM32F3xx_HAL_Driver/Src/stm32f3xx_hal.o
 .debug_abbrev  0x0000000000000fd9      0x30d ./Drivers/STM32F3xx_HAL_Driver/Src/stm32f3xx_hal_cortex.o
 .debug_abbrev  0x00000000000012e6      0x1fe ./Drivers/STM32F3xx_HAL_Driver/Src/stm32f3xx_hal_dma.o
 .debug_abbrev  0x00000000000014e4      0x1bb ./Drivers/STM32F3xx_HAL_Driver/Src/stm32f3xx_hal_gpio.o
 .debug_abbrev  0x000000000000169f      0x2f9 ./Drivers/STM32F3xx_HAL_Driver/Src/stm32f3xx_hal_rcc.o
 .debug_abbrev  0x0000000000001998      0x254 ./Drivers/STM32F3xx_HAL_Driver/Src/stm32f3xx_hal_spi.o
 .debug_abbrev  0x0000000000001bec      0x264 ./Drivers/STM32F3xx_HAL_Driver/Src/stm32f3xx_hal_tim.o
 .debug_abbrev  0x0000000000001e50      0x26c ./Drivers/STM32F3xx_HAL_Driver/Src/stm32f3xx_hal_tim_ex.o

.debug_aranges  0x0000000000000000      0xcd0
 .debug_aranges
                0x0000000000000000       0x50 ./Core/Sequenceur_Driver/SequencerWheel.o
 .debug_aranges
                0x0000000000000050       0x20 ./Core/Src/Low_level_functions.o
 .debug_aranges
                0x0000000000000070       0x20 ./Core/Src/gpio.o
 .debug_aranges
                0x0000000000000090       0x48 ./Core/Src/main.o
 .debug_aranges
                0x00000000000000d8       0x30 ./Core/Src/spi.o
 .debug_aranges
                0x0000000000000108       0x20 ./Core/Src/stm32f3xx_hal_msp.o
 .debug_aranges
                0x0000000000000128       0x78 ./Core/Src/stm32f3xx_it.o
 .debug_aranges
                0x00000000000001a0       0x28 ./Core/Src/system_stm32f3xx.o
 .debug_aranges
                0x00000000000001c8       0x40 ./Core/Src/tim.o
 .debug_aranges
                0x0000000000000208       0x28 ./Core/Startup/startup_stm32f303vctx.o
 .debug_aranges
                0x0000000000000230       0xe0 ./Drivers/STM32F3xx_HAL_Driver/Src/stm32f3xx_hal.o
 .debug_aranges
                0x0000000000000310      0x128 ./Drivers/STM32F3xx_HAL_Driver/Src/stm32f3xx_hal_cortex.o
 .debug_aranges
                0x0000000000000438       0x88 ./Drivers/STM32F3xx_HAL_Driver/Src/stm32f3xx_hal_dma.o
 .debug_aranges
                0x00000000000004c0       0x58 ./Drivers/STM32F3xx_HAL_Driver/Src/stm32f3xx_hal_gpio.o
 .debug_aranges
                0x0000000000000518       0x88 ./Drivers/STM32F3xx_HAL_Driver/Src/stm32f3xx_hal_rcc.o
 .debug_aranges
                0x00000000000005a0      0x1d8 ./Drivers/STM32F3xx_HAL_Driver/Src/stm32f3xx_hal_spi.o
 .debug_aranges
                0x0000000000000778      0x3e0 ./Drivers/STM32F3xx_HAL_Driver/Src/stm32f3xx_hal_tim.o
 .debug_aranges
                0x0000000000000b58      0x178 ./Drivers/STM32F3xx_HAL_Driver/Src/stm32f3xx_hal_tim_ex.o

.debug_ranges   0x0000000000000000      0xbb8
 .debug_ranges  0x0000000000000000       0x40 ./Core/Sequenceur_Driver/SequencerWheel.o
 .debug_ranges  0x0000000000000040       0x10 ./Core/Src/Low_level_functions.o
 .debug_ranges  0x0000000000000050       0x10 ./Core/Src/gpio.o
 .debug_ranges  0x0000000000000060       0x38 ./Core/Src/main.o
 .debug_ranges  0x0000000000000098       0x20 ./Core/Src/spi.o
 .debug_ranges  0x00000000000000b8       0x10 ./Core/Src/stm32f3xx_hal_msp.o
 .debug_ranges  0x00000000000000c8       0x68 ./Core/Src/stm32f3xx_it.o
 .debug_ranges  0x0000000000000130       0x18 ./Core/Src/system_stm32f3xx.o
 .debug_ranges  0x0000000000000148       0x30 ./Core/Src/tim.o
 .debug_ranges  0x0000000000000178       0x20 ./Core/Startup/startup_stm32f303vctx.o
 .debug_ranges  0x0000000000000198       0xd0 ./Drivers/STM32F3xx_HAL_Driver/Src/stm32f3xx_hal.o
 .debug_ranges  0x0000000000000268      0x118 ./Drivers/STM32F3xx_HAL_Driver/Src/stm32f3xx_hal_cortex.o
 .debug_ranges  0x0000000000000380       0x78 ./Drivers/STM32F3xx_HAL_Driver/Src/stm32f3xx_hal_dma.o
 .debug_ranges  0x00000000000003f8       0x48 ./Drivers/STM32F3xx_HAL_Driver/Src/stm32f3xx_hal_gpio.o
 .debug_ranges  0x0000000000000440       0x78 ./Drivers/STM32F3xx_HAL_Driver/Src/stm32f3xx_hal_rcc.o
 .debug_ranges  0x00000000000004b8      0x1c8 ./Drivers/STM32F3xx_HAL_Driver/Src/stm32f3xx_hal_spi.o
 .debug_ranges  0x0000000000000680      0x3d0 ./Drivers/STM32F3xx_HAL_Driver/Src/stm32f3xx_hal_tim.o
 .debug_ranges  0x0000000000000a50      0x168 ./Drivers/STM32F3xx_HAL_Driver/Src/stm32f3xx_hal_tim_ex.o

.debug_macro    0x0000000000000000    0x1dab7
 .debug_macro   0x0000000000000000      0x1f3 ./Core/Sequenceur_Driver/SequencerWheel.o
 .debug_macro   0x00000000000001f3      0xa78 ./Core/Sequenceur_Driver/SequencerWheel.o
 .debug_macro   0x0000000000000c6b      0x157 ./Core/Sequenceur_Driver/SequencerWheel.o
 .debug_macro   0x0000000000000dc2       0x2e ./Core/Sequenceur_Driver/SequencerWheel.o
 .debug_macro   0x0000000000000df0       0x28 ./Core/Sequenceur_Driver/SequencerWheel.o
 .debug_macro   0x0000000000000e18       0x22 ./Core/Sequenceur_Driver/SequencerWheel.o
 .debug_macro   0x0000000000000e3a       0x8e ./Core/Sequenceur_Driver/SequencerWheel.o
 .debug_macro   0x0000000000000ec8       0x51 ./Core/Sequenceur_Driver/SequencerWheel.o
 .debug_macro   0x0000000000000f19      0x103 ./Core/Sequenceur_Driver/SequencerWheel.o
 .debug_macro   0x000000000000101c       0x6a ./Core/Sequenceur_Driver/SequencerWheel.o
 .debug_macro   0x0000000000001086      0x1df ./Core/Sequenceur_Driver/SequencerWheel.o
 .debug_macro   0x0000000000001265       0x1c ./Core/Sequenceur_Driver/SequencerWheel.o
 .debug_macro   0x0000000000001281       0x22 ./Core/Sequenceur_Driver/SequencerWheel.o
 .debug_macro   0x00000000000012a3       0xd9 ./Core/Sequenceur_Driver/SequencerWheel.o
 .debug_macro   0x000000000000137c     0x102d ./Core/Sequenceur_Driver/SequencerWheel.o
 .debug_macro   0x00000000000023a9      0x11f ./Core/Sequenceur_Driver/SequencerWheel.o
 .debug_macro   0x00000000000024c8    0x12a3a ./Core/Sequenceur_Driver/SequencerWheel.o
 .debug_macro   0x0000000000014f02       0x6d ./Core/Sequenceur_Driver/SequencerWheel.o
 .debug_macro   0x0000000000014f6f     0x3574 ./Core/Sequenceur_Driver/SequencerWheel.o
 .debug_macro   0x00000000000184e3      0x174 ./Core/Sequenceur_Driver/SequencerWheel.o
 .debug_macro   0x0000000000018657       0x55 ./Core/Sequenceur_Driver/SequencerWheel.o
 .debug_macro   0x00000000000186ac      0x961 ./Core/Sequenceur_Driver/SequencerWheel.o
 .debug_macro   0x000000000001900d      0x5fe ./Core/Sequenceur_Driver/SequencerWheel.o
 .debug_macro   0x000000000001960b      0x1b5 ./Core/Sequenceur_Driver/SequencerWheel.o
 .debug_macro   0x00000000000197c0      0x1fb ./Core/Sequenceur_Driver/SequencerWheel.o
 .debug_macro   0x00000000000199bb      0x1dc ./Core/Sequenceur_Driver/SequencerWheel.o
 .debug_macro   0x0000000000019b97      0x1bc ./Core/Sequenceur_Driver/SequencerWheel.o
 .debug_macro   0x0000000000019d53       0x30 ./Core/Sequenceur_Driver/SequencerWheel.o
 .debug_macro   0x0000000000019d83       0x3c ./Core/Sequenceur_Driver/SequencerWheel.o
 .debug_macro   0x0000000000019dbf      0x235 ./Core/Sequenceur_Driver/SequencerWheel.o
 .debug_macro   0x0000000000019ff4       0xc5 ./Core/Sequenceur_Driver/SequencerWheel.o
 .debug_macro   0x000000000001a0b9      0x21d ./Core/Sequenceur_Driver/SequencerWheel.o
 .debug_macro   0x000000000001a2d6      0x22c ./Core/Sequenceur_Driver/SequencerWheel.o
 .debug_macro   0x000000000001a502       0x5b ./Core/Sequenceur_Driver/SequencerWheel.o
 .debug_macro   0x000000000001a55d       0xa5 ./Core/Sequenceur_Driver/SequencerWheel.o
 .debug_macro   0x000000000001a602       0x81 ./Core/Sequenceur_Driver/SequencerWheel.o
 .debug_macro   0x000000000001a683       0xd3 ./Core/Sequenceur_Driver/SequencerWheel.o
 .debug_macro   0x000000000001a756      0x2fe ./Core/Sequenceur_Driver/SequencerWheel.o
 .debug_macro   0x000000000001aa54      0xa60 ./Core/Sequenceur_Driver/SequencerWheel.o
 .debug_macro   0x000000000001b4b4       0x89 ./Core/Sequenceur_Driver/SequencerWheel.o
 .debug_macro   0x000000000001b53d      0x275 ./Core/Sequenceur_Driver/SequencerWheel.o
 .debug_macro   0x000000000001b7b2      0x23c ./Core/Sequenceur_Driver/SequencerWheel.o
 .debug_macro   0x000000000001b9ee      0x1e5 ./Core/Src/Low_level_functions.o
 .debug_macro   0x000000000001bbd3      0x1f1 ./Core/Src/gpio.o
 .debug_macro   0x000000000001bdc4      0x236 ./Core/Src/gpio.o
 .debug_macro   0x000000000001bffa      0x213 ./Core/Src/main.o
 .debug_macro   0x000000000001c20d      0x1f1 ./Core/Src/spi.o
 .debug_macro   0x000000000001c3fe      0x1e7 ./Core/Src/stm32f3xx_hal_msp.o
 .debug_macro   0x000000000001c5e5      0x1f1 ./Core/Src/stm32f3xx_it.o
 .debug_macro   0x000000000001c7d6      0x1d8 ./Core/Src/system_stm32f3xx.o
 .debug_macro   0x000000000001c9ae      0x1f1 ./Core/Src/tim.o
 .debug_macro   0x000000000001cb9f      0x1fc ./Drivers/STM32F3xx_HAL_Driver/Src/stm32f3xx_hal.o
 .debug_macro   0x000000000001cd9b      0x1d8 ./Drivers/STM32F3xx_HAL_Driver/Src/stm32f3xx_hal_cortex.o
 .debug_macro   0x000000000001cf73      0x1d8 ./Drivers/STM32F3xx_HAL_Driver/Src/stm32f3xx_hal_dma.o
 .debug_macro   0x000000000001d14b      0x1df ./Drivers/STM32F3xx_HAL_Driver/Src/stm32f3xx_hal_gpio.o
 .debug_macro   0x000000000001d32a      0x1fc ./Drivers/STM32F3xx_HAL_Driver/Src/stm32f3xx_hal_rcc.o
 .debug_macro   0x000000000001d526      0x1e0 ./Drivers/STM32F3xx_HAL_Driver/Src/stm32f3xx_hal_spi.o
 .debug_macro   0x000000000001d706      0x1d9 ./Drivers/STM32F3xx_HAL_Driver/Src/stm32f3xx_hal_tim.o
 .debug_macro   0x000000000001d8df      0x1d8 ./Drivers/STM32F3xx_HAL_Driver/Src/stm32f3xx_hal_tim_ex.o

.debug_line     0x0000000000000000    0x10134
 .debug_line    0x0000000000000000      0xb1b ./Core/Sequenceur_Driver/SequencerWheel.o
 .debug_line    0x0000000000000b1b      0x74b ./Core/Src/Low_level_functions.o
 .debug_line    0x0000000000001266      0x776 ./Core/Src/gpio.o
 .debug_line    0x00000000000019dc      0x885 ./Core/Src/main.o
 .debug_line    0x0000000000002261      0x776 ./Core/Src/spi.o
 .debug_line    0x00000000000029d7      0x6ed ./Core/Src/stm32f3xx_hal_msp.o
 .debug_line    0x00000000000030c4      0x7f7 ./Core/Src/stm32f3xx_it.o
 .debug_line    0x00000000000038bb      0x763 ./Core/Src/system_stm32f3xx.o
 .debug_line    0x000000000000401e      0x87f ./Core/Src/tim.o
 .debug_line    0x000000000000489d       0x88 ./Core/Startup/startup_stm32f303vctx.o
 .debug_line    0x0000000000004925      0x998 ./Drivers/STM32F3xx_HAL_Driver/Src/stm32f3xx_hal.o
 .debug_line    0x00000000000052bd      0xc8b ./Drivers/STM32F3xx_HAL_Driver/Src/stm32f3xx_hal_cortex.o
 .debug_line    0x0000000000005f48      0xcac ./Drivers/STM32F3xx_HAL_Driver/Src/stm32f3xx_hal_dma.o
 .debug_line    0x0000000000006bf4      0xaf7 ./Drivers/STM32F3xx_HAL_Driver/Src/stm32f3xx_hal_gpio.o
 .debug_line    0x00000000000076eb     0x1335 ./Drivers/STM32F3xx_HAL_Driver/Src/stm32f3xx_hal_rcc.o
 .debug_line    0x0000000000008a20     0x1f94 ./Drivers/STM32F3xx_HAL_Driver/Src/stm32f3xx_hal_spi.o
 .debug_line    0x000000000000a9b4     0x3d11 ./Drivers/STM32F3xx_HAL_Driver/Src/stm32f3xx_hal_tim.o
 .debug_line    0x000000000000e6c5     0x1a6f ./Drivers/STM32F3xx_HAL_Driver/Src/stm32f3xx_hal_tim_ex.o

.debug_str      0x0000000000000000    0xb1428
 .debug_str     0x0000000000000000    0xadd18 ./Core/Sequenceur_Driver/SequencerWheel.o
                                      0xae3f2 (size before relaxing)
 .debug_str     0x00000000000add18       0x2d ./Core/Src/Low_level_functions.o
                                      0xae308 (size before relaxing)
 .debug_str     0x00000000000add45      0x40f ./Core/Src/gpio.o
                                      0xae7a2 (size before relaxing)
 .debug_str     0x00000000000ae154      0x914 ./Core/Src/main.o
                                      0xaecde (size before relaxing)
 .debug_str     0x00000000000aea68       0x6f ./Core/Src/spi.o
                                      0xaebd6 (size before relaxing)
 .debug_str     0x00000000000aead7       0x49 ./Core/Src/stm32f3xx_hal_msp.o
                                      0xae27e (size before relaxing)
 .debug_str     0x00000000000aeb20      0x127 ./Core/Src/stm32f3xx_it.o
                                      0xae6fc (size before relaxing)
 .debug_str     0x00000000000aec47       0xe9 ./Core/Src/system_stm32f3xx.o
                                      0xada8b (size before relaxing)
 .debug_str     0x00000000000aed30      0x1ff ./Core/Src/tim.o
                                      0xaea49 (size before relaxing)
 .debug_str     0x00000000000aef2f       0x36 ./Core/Startup/startup_stm32f303vctx.o
                                         0x7f (size before relaxing)
 .debug_str     0x00000000000aef65      0x37a ./Drivers/STM32F3xx_HAL_Driver/Src/stm32f3xx_hal.o
                                      0xae2c9 (size before relaxing)
 .debug_str     0x00000000000af2df      0x380 ./Drivers/STM32F3xx_HAL_Driver/Src/stm32f3xx_hal_cortex.o
                                      0xae34d (size before relaxing)
 .debug_str     0x00000000000af65f      0x24d ./Drivers/STM32F3xx_HAL_Driver/Src/stm32f3xx_hal_dma.o
                                      0xaddd3 (size before relaxing)
 .debug_str     0x00000000000af8ac       0xfc ./Drivers/STM32F3xx_HAL_Driver/Src/stm32f3xx_hal_gpio.o
                                      0xadbf8 (size before relaxing)
 .debug_str     0x00000000000af9a8      0x2d1 ./Drivers/STM32F3xx_HAL_Driver/Src/stm32f3xx_hal_rcc.o
                                      0xadf2b (size before relaxing)
 .debug_str     0x00000000000afc79      0x545 ./Drivers/STM32F3xx_HAL_Driver/Src/stm32f3xx_hal_spi.o
                                      0xae3b1 (size before relaxing)
 .debug_str     0x00000000000b01be      0xd8e ./Drivers/STM32F3xx_HAL_Driver/Src/stm32f3xx_hal_tim.o
                                      0xaeec2 (size before relaxing)
 .debug_str     0x00000000000b0f4c      0x4dc ./Drivers/STM32F3xx_HAL_Driver/Src/stm32f3xx_hal_tim_ex.o
                                      0xae708 (size before relaxing)

.comment        0x0000000000000000       0x50
 .comment       0x0000000000000000       0x50 ./Core/Sequenceur_Driver/SequencerWheel.o
                                         0x51 (size before relaxing)
 .comment       0x0000000000000050       0x51 ./Core/Src/Low_level_functions.o
 .comment       0x0000000000000050       0x51 ./Core/Src/gpio.o
 .comment       0x0000000000000050       0x51 ./Core/Src/main.o
 .comment       0x0000000000000050       0x51 ./Core/Src/spi.o
 .comment       0x0000000000000050       0x51 ./Core/Src/stm32f3xx_hal_msp.o
 .comment       0x0000000000000050       0x51 ./Core/Src/stm32f3xx_it.o
 .comment       0x0000000000000050       0x51 ./Core/Src/system_stm32f3xx.o
 .comment       0x0000000000000050       0x51 ./Core/Src/tim.o
 .comment       0x0000000000000050       0x51 ./Drivers/STM32F3xx_HAL_Driver/Src/stm32f3xx_hal.o
 .comment       0x0000000000000050       0x51 ./Drivers/STM32F3xx_HAL_Driver/Src/stm32f3xx_hal_cortex.o
 .comment       0x0000000000000050       0x51 ./Drivers/STM32F3xx_HAL_Driver/Src/stm32f3xx_hal_dma.o
 .comment       0x0000000000000050       0x51 ./Drivers/STM32F3xx_HAL_Driver/Src/stm32f3xx_hal_gpio.o
 .comment       0x0000000000000050       0x51 ./Drivers/STM32F3xx_HAL_Driver/Src/stm32f3xx_hal_rcc.o
 .comment       0x0000000000000050       0x51 ./Drivers/STM32F3xx_HAL_Driver/Src/stm32f3xx_hal_spi.o
 .comment       0x0000000000000050       0x51 ./Drivers/STM32F3xx_HAL_Driver/Src/stm32f3xx_hal_tim.o
 .comment       0x0000000000000050       0x51 ./Drivers/STM32F3xx_HAL_Driver/Src/stm32f3xx_hal_tim_ex.o

.debug_frame    0x0000000000000000     0x3448
 .debug_frame   0x0000000000000000       0xfc ./Core/Sequenceur_Driver/SequencerWheel.o
 .debug_frame   0x00000000000000fc       0x34 ./Core/Src/Low_level_functions.o
 .debug_frame   0x0000000000000130       0x38 ./Core/Src/gpio.o
 .debug_frame   0x0000000000000168       0xd0 ./Core/Src/main.o
 .debug_frame   0x0000000000000238       0x74 ./Core/Src/spi.o
 .debug_frame   0x00000000000002ac       0x34 ./Core/Src/stm32f3xx_hal_msp.o
 .debug_frame   0x00000000000002e0      0x158 ./Core/Src/stm32f3xx_it.o
 .debug_frame   0x0000000000000438       0x58 ./Core/Src/system_stm32f3xx.o
 .debug_frame   0x0000000000000490       0xcc ./Core/Src/tim.o
 .debug_frame   0x000000000000055c      0x334 ./Drivers/STM32F3xx_HAL_Driver/Src/stm32f3xx_hal.o
 .debug_frame   0x0000000000000890      0x4e8 ./Drivers/STM32F3xx_HAL_Driver/Src/stm32f3xx_hal_cortex.o
 .debug_frame   0x0000000000000d78      0x224 ./Drivers/STM32F3xx_HAL_Driver/Src/stm32f3xx_hal_dma.o
 .debug_frame   0x0000000000000f9c      0x14c ./Drivers/STM32F3xx_HAL_Driver/Src/stm32f3xx_hal_gpio.o
 .debug_frame   0x00000000000010e8      0x214 ./Drivers/STM32F3xx_HAL_Driver/Src/stm32f3xx_hal_rcc.o
 .debug_frame   0x00000000000012fc      0x860 ./Drivers/STM32F3xx_HAL_Driver/Src/stm32f3xx_hal_spi.o
 .debug_frame   0x0000000000001b5c     0x1218 ./Drivers/STM32F3xx_HAL_Driver/Src/stm32f3xx_hal_tim.o
 .debug_frame   0x0000000000002d74      0x688 ./Drivers/STM32F3xx_HAL_Driver/Src/stm32f3xx_hal_tim_ex.o
 .debug_frame   0x00000000000033fc       0x2c c:/st/stm32cubeide_1.12.0/stm32cubeide/plugins/com.st.stm32cube.ide.mcu.externaltools.gnu-tools-for-stm32.10.3-2021.10.win32_1.0.200.202301161003/tools/bin/../lib/gcc/arm-none-eabi/10.3.1/../../../../arm-none-eabi/lib/thumb/v7e-m+fp/hard\libc_nano.a(lib_a-init.o)
 .debug_frame   0x0000000000003428       0x20 c:/st/stm32cubeide_1.12.0/stm32cubeide/plugins/com.st.stm32cube.ide.mcu.externaltools.gnu-tools-for-stm32.10.3-2021.10.win32_1.0.200.202301161003/tools/bin/../lib/gcc/arm-none-eabi/10.3.1/../../../../arm-none-eabi/lib/thumb/v7e-m+fp/hard\libc_nano.a(lib_a-memset.o)
