../Core/Sequenceur_Driver/SequencerWheel.c:9:6:testFunction	16	static
../Core/Sequenceur_Driver/SequencerWheel.c:43:6:resetOutput_R1	8	static
../Core/Sequenceur_Driver/SequencerWheel.c:57:6:resetOutput_R2	8	static
../Core/Sequenceur_Driver/SequencerWheel.c:66:6:stopAlert	8	static
../Core/Sequenceur_Driver/SequencerWheel.c:80:6:verityTableHoraire_R1	16	static
../Core/Sequenceur_Driver/SequencerWheel.c:170:6:verityTableHoraireAntiHoraire_R1	16	static
../Core/Sequenceur_Driver/SequencerWheel.c:264:6:verityTableHoraire_R2	16	static
../Core/Sequenceur_Driver/SequencerWheel.c:354:6:verityTableHoraireAntiHoraire_R2	16	static
