../Core/Sequenceur_Driver/SequencerWheel.c:12:6:resetOutput_R1	8	static
../Core/Sequenceur_Driver/SequencerWheel.c:26:6:resetOutput_R2	8	static
../Core/Sequenceur_Driver/SequencerWheel.c:35:6:stopAlert	8	static
../Core/Sequenceur_Driver/SequencerWheel.c:47:8:verityTableHoraire_R1	24	static
../Core/Sequenceur_Driver/SequencerWheel.c:142:8:verityTableHoraireAntiHoraire_R1	24	static
../Core/Sequenceur_Driver/SequencerWheel.c:237:8:verityTableHoraire_R2	24	static
../Core/Sequenceur_Driver/SequencerWheel.c:332:8:verityTableHoraireAntiHoraire_R2	24	static
