../Core/Src/main.c:78:5:main	32	static
../Core/Src/main.c:152:6:SystemClock_Config	88	static
../Core/Src/main.c:199:13:MX_SPI2_Init	8	static
../Core/Src/main.c:237:13:MX_USART1_UART_Init	8	static
../Core/Src/main.c:270:13:MX_USART2_UART_Init	8	static
../Core/Src/main.c:303:13:MX_USART6_UART_Init	8	static
../Core/Src/main.c:336:13:MX_GPIO_Init	48	static
../Core/Src/main.c:402:1:__io_putchar	16	static
../Core/Src/main.c:411:6:HAL_UART_RxCpltCallback	16	static
../Core/Src/main.c:432:6:Error_Handler	4	static,ignoring_inline_asm
